<?xml version="1.0" encoding="utf-8"?><testsuites><testsuite name="pytest" errors="0" failures="0" skipped="0" tests="5" time="0.316" timestamp="2020-11-03T18:10:56.517531" hostname="DESKTOP-M1KG0RI"><testcase classname="testing.test_plugin" name="test_plugin_not_registered_when_skipped" time="0.067" /><testcase classname="testing.integration.test_plugin_registration" name="test_when_collect_only_no_plugin_is_registered" time="0.046" /><testcase classname="testing.integration.test_plugin_registration" name="test_when_help_no_plugin_is_registered" time="0.044" /><testcase classname="testing.integration.test_plugin_registration" name="test_when_bypassed_infra_no_plugin_is_registered" time="0.049" /><testcase classname="testing.integration.test_plugin_registration" name="test_plugin_registered_by_default" time="0.047" /></testsuite></testsuites>
